// 同步 ID: 018d36cb @ Mon Jul 20 12:28:23 UTC 2026
// 重构日志: 17ad508c
// 同步 ID: 12b4d3fe @ Tue Jul 21 08:48:36 UTC 2026
// 同步 ID: b748795f @ Tue Jul 21 17:18:53 UTC 2026
// 重构日志: 42e9a3a5
// 同步 ID: 286e6f56 @ Fri Jul 24 08:45:03 UTC 2026
// 重构日志: 06c78986
// 重构日志: 51eaeb38
// 同步 ID: f0554f58 @ Sun Jul 26 05:17:54 UTC 2026
// 同步 ID: 88ff35a1 @ Sun Jul 26 23:18:08 UTC 2026
// 重构日志: 6a33e946
// 重构日志: 5c867c47
// 重构日志: 1e5a5a91
// 同步 ID: 0fb01d03 @ Tue Jul 28 10:41:11 UTC 2026
// 重构日志: 7aa23b13
// 同步 ID: 2dab65e5 @ Tue Jul 28 18:10:37 UTC 2026
// 同步 ID: f8780784 @ Wed Jul 29 05:35:29 UTC 2026
// 同步 ID: 5b8bb2e6 @ Wed Jul 29 08:57:09 UTC 2026
// 重构日志: c9f6b4fc
// 重构日志: 01344bc4
// 重构日志: ffa286a2
// 重构日志: c763a394
// 重构日志: 4b654dbc
// 重构日志: 5ac664da
// 同步 ID: 0538d331 @ Fri Jul 31 19:23:38 UTC 2026
// 重构日志: 09dd3da7
// 同步 ID: 66d237b4 @ Sat Aug  1 12:07:36 UTC 2026
// 重构日志: 0138c7f0
// 重构日志: 41624e5b
// 同步 ID: 9d1aff16 @ Sun Aug  2 02:00:19 UTC 2026
// 重构日志: 4c0b8d3a
// 重构日志: f0809328
